// Jest Snapshot v1, https://goo.gl/fbAQLP

exports[`InputButton.vue has the expected html structure 1`] = `
<button
  class="lux-button text medium"
>
  Apply Changes. 
  <!---->
</button>
`;
