// Jest Snapshot v1, https://goo.gl/fbAQLP

exports[`InputText.vue has the expected html structure 1`] = `
<div
  class="lux-input"
>
  <!---->
   
  <input
    class="lux-input lux-input-expand"
    errormessage=""
    id="foo"
    placeholder=""
    type="text"
  />
   
  <!---->
</div>
`;
