// Jest Snapshot v1, https://goo.gl/fbAQLP

exports[`SvgIcon.vue has the expected html structure 1`] = `
<span
  aria-label="foo"
  class="lux-svg-icon"
/>
`;
